../Core/Src/icm42670.c:9:13:CS_Low	8	static
../Core/Src/icm42670.c:14:13:CS_High	8	static
../Core/Src/icm42670.c:19:19:ICM42670_ReadReg	24	static
../Core/Src/icm42670.c:41:19:ICM42670_WriteReg	24	static
../Core/Src/icm42670.c:58:26:ICM42670_ReadBytes	24	static
../Core/Src/icm42670.c:80:16:MakeInt16	16	static
../Core/Src/icm42670.c:85:19:ICM42670_Init	24	static
../Core/Src/icm42670.c:133:19:ICM42670_ReadRaw	32	static
../Core/Src/icm42670.c:155:19:ICM42670_ReadAll	24	static
../Core/Src/icm42670.c:177:6:ICM42670_ApplyCalibration	16	static
../Core/Src/icm42670.c:187:19:ICM42670_CalibrateGyro	80	static
