../Core/Src/main.c:138:5:main	4
../Core/Src/main.c:280:6:SystemClock_Config	3
../Core/Src/main.c:326:13:MX_I2C1_Init	4
../Core/Src/main.c:371:13:MX_I2C2_Init	4
../Core/Src/main.c:416:13:MX_I2C3_Init	4
../Core/Src/main.c:461:13:MX_SPI1_Init	2
../Core/Src/main.c:499:13:MX_SPI2_Init	2
../Core/Src/main.c:537:13:MX_SPI3_Init	2
../Core/Src/main.c:575:13:MX_TIM5_Init	9
../Core/Src/main.c:643:13:MX_USART1_UART_Init	5
../Core/Src/main.c:688:13:MX_USART2_UART_Init	5
../Core/Src/main.c:733:13:MX_USART3_UART_Init	5
../Core/Src/main.c:778:13:MX_GPIO_Init	1
../Core/Src/main.c:825:6:Error_Handler	1
