Core/Src/main.c:92:6:HAL_UART_RxCpltCallback	3
Core/Src/main.c:111:5:main	18
Core/Src/main.c:259:6:SystemClock_Config	3
Core/Src/main.c:306:13:MX_I2C1_Init	4
Core/Src/main.c:354:13:MX_I2C2_Init	4
Core/Src/main.c:402:13:MX_I2C3_Init	4
Core/Src/main.c:450:13:MX_SPI1_Init	2
Core/Src/main.c:490:13:MX_SPI2_Init	2
Core/Src/main.c:530:13:MX_SPI3_Init	2
Core/Src/main.c:570:13:MX_TIM5_Init	9
Core/Src/main.c:641:13:MX_USART1_UART_Init	5
Core/Src/main.c:689:13:MX_USART2_UART_Init	5
Core/Src/main.c:737:13:MX_USART3_UART_Init	5
Core/Src/main.c:785:13:MX_GPIO_Init	1
Core/Src/main.c:833:6:Error_Handler	1
